---------------------------------------
Begin Slurm Prolog: Oct-08-2026 15:41:36
Job ID:    6110540
User ID:   wchen768
Account:   coc
Job name:  hyenadna-infer
Partition: coc-gpu
QOS:       coc-ice
---------------------------------------
Job ID:  6110540
Node:    atl1-1-03-007-35-0.pace.gatech.edu
Started: Thu Oct  8 03:41:44 PM EDT 2026
Env:     /home/hice1/wchen768/scratch/.conda/envs/hyenadna_env_test
Thu Oct  8 15:41:44 2026       
+-----------------------------------------------------------------------------------------+
| NVIDIA-SMI 615.71.09              KMD Version: 615.71.09     CUDA UMD Version: 13.4     |
+-----------------------------------------+------------------------+----------------------+
| GPU  Name                 Persistence-M | Bus-Id          Disp.A | Volatile Uncorr. ECC |
| Fan  Temp   Perf          Pwr:Usage/Cap |           Memory-Usage | GPU-Util  Compute M. |
|                                         |                        |               MIG M. |
|=========================================+========================+======================|
|   0  NVIDIA A100-PCIE-40GB          On  |   00000000:C1:00.0 Off |                    0 |
| N/A   34C    P0             42W /  250W |       0MiB /  40960MiB |      0%      Default |
|                                         |                        |             Disabled |
+-----------------------------------------+------------------------+----------------------+

+-----------------------------------------------------------------------------------------+
| Processes:                                                                              |
|  GPU   GI   CI              PID   Type   Process name                        GPU Memory |
|        ID   ID                                                               Usage      |
|=========================================================================================|
|  No running processes found                                                             |
+-----------------------------------------------------------------------------------------+
torch: 2.5.1+cu121
transformers: 5.17.0
CUDA available: True
GPU: NVIDIA A100-PCIE-40GB
Model: LongSafari/hyenadna-small-32k-seqlen-hf
Model revision (commit SHA): 8fe770c78eb13fe33bf81501612faeddf4d6f331
Input sequence: ACTGACTGACTGACTG
Token IDs: [[7, 8, 10, 9, 7, 8, 10, 9, 7, 8, 10, 9, 7, 8, 10, 9, 1]]
Logits shape: (1, 17, 16)
Inference time (s): 0.3196
Saved outputs/smoke_test_logits.pt and outputs/smoke_test_meta.json
Finished: Thu Oct  8 03:42:00 PM EDT 2026
---------------------------------------
Begin Slurm Epilog: Oct-08-2026 15:42:00
Job ID:        6110540
User ID:       wchen768
Account:       coc
Job name:      hyenadna-infer
Resources:     cpu=4,gres/gpu:a100=1,mem=32G,node=1
Rsrc Used:     cput=00:01:36,vmem=0,walltime=00:00:24,mem=1195512K,energy_used=0
Partition:     coc-gpu
QOS:           coc-ice
Nodes:         atl1-1-03-007-35-0
---------------------------------------
