---------------------------------------
Begin Slurm Prolog: Oct-08-2026 23:18:10
Job ID:    6115127
User ID:   wchen768
Account:   coc
Job name:  hyenadna-infer
Partition: coc-gpu
QOS:       coc-ice
---------------------------------------
Job ID:  6115127
Node:    atl1-1-02-011-31-0.pace.gatech.edu
Started: Thu Oct  8 11:18:16 PM EDT 2026
Env:     /home/hice1/wchen768/scratch/.conda/envs/hyenadna_env
Thu Oct  8 23:18:16 2026       
+-----------------------------------------------------------------------------------------+
| NVIDIA-SMI 580.178.04             Driver Version: 580.178.04     CUDA Version: 13.0     |
+-----------------------------------------+------------------------+----------------------+
| GPU  Name                 Persistence-M | Bus-Id          Disp.A | Volatile Uncorr. ECC |
| Fan  Temp   Perf          Pwr:Usage/Cap |           Memory-Usage | GPU-Util  Compute M. |
|                                         |                        |               MIG M. |
|=========================================+========================+======================|
|   0  Tesla V100-PCIE-16GB           On  |   00000000:3B:00.0 Off |                    0 |
| N/A   44C    P0             27W /  250W |       0MiB /  16384MiB |      0%      Default |
|                                         |                        |                  N/A |
+-----------------------------------------+------------------------+----------------------+

+-----------------------------------------------------------------------------------------+
| Processes:                                                                              |
|  GPU   GI   CI              PID   Type   Process name                        GPU Memory |
|        ID   ID                                                               Usage      |
|=========================================================================================|
|  No running processes found                                                             |
+-----------------------------------------------------------------------------------------+
---------------------------------------
Begin Slurm Epilog: Oct-08-2026 23:19:09
Job ID:        6115127
User ID:       wchen768
Account:       coc
Job name:      hyenadna-infer
Resources:     cpu=4,gres/gpu:v100=1,mem=32G,node=1
Rsrc Used:     cput=00:03:52,vmem=0,walltime=00:00:58,mem=121676K,energy_used=0
Partition:     coc-gpu
QOS:           coc-ice
Nodes:         atl1-1-02-011-31-0
---------------------------------------
